// Jest Snapshot v1, https://goo.gl/fbAQLP

exports[`should render history page correctly 1`] = `
<div>
  <Connect(HistoryListFilters) />
  <Connect(HistoryList) />
</div>
`;
